warning: unused import: `gap_tensor_core::GapTensorNode`
 --> crates\C041\src\lib.rs:9:5
  |
9 | use gap_tensor_core::GapTensorNode;
  |     ^^^^^^^^^^^^^^^^^^^^^^^^^^^^^^
  |
  = note: `#[warn(unused_imports)]` (part of `#[warn(unused)]`) on by default

warning: `chain_complex_shape` (lib) generated 1 warning (run `cargo fix --lib -p chain_complex_shape` to apply 1 suggestion)
warning: unused import: `chain_complex_shape::ChainDegreeShape`
 --> crates\C042\src\lib.rs:8:5
  |
8 | use chain_complex_shape::ChainDegreeShape;
  |     ^^^^^^^^^^^^^^^^^^^^^^^^^^^^^^^^^^^^^
  |
  = note: `#[warn(unused_imports)]` (part of `#[warn(unused)]`) on by default

warning: hiding a lifetime that's elided elsewhere is confusing
  --> crates\C011\src\lib.rs:69:17
   |
69 |     pub fn iter(&self) -> ArenaIter {
   |                 ^^^^^     ^^^^^^^^^ the same lifetime is hidden here
   |                 |
   |                 the lifetime is elided here
   |
   = help: the same lifetime is referred to in inconsistent ways, making the signature confusing
   = note: `#[warn(mismatched_lifetime_syntaxes)]` on by default
help: use `'_` for type paths
   |
69 |     pub fn iter(&self) -> ArenaIter<'_> {
   |                                    ++++

warning: `chain_complex_types` (lib) generated 1 warning (run `cargo fix --lib -p chain_complex_types` to apply 1 suggestion)
warning: `multiplicity_arena_core` (lib) generated 1 warning (run `cargo fix --lib -p multiplicity_arena_core` to apply 1 suggestion)
   Compiling projective_module_definition v0.1.0 (C:\Users\jessi\Desktop\sovereign-engine-v2\crates\C045)
warning: unused variable: `target_degree`
  --> crates\C044\src\lib.rs:56:13
   |
56 |         let target_degree = degree - 2;
   |             ^^^^^^^^^^^^^ help: if this is intentional, prefix it with an underscore: `_target_degree`
   |
   = note: `#[warn(unused_variables)]` (part of `#[warn(unused)]`) on by default

warning: unused variable: `intermediate_rank`
  --> crates\C044\src\lib.rs:60:13
   |
60 |         let intermediate_rank = diff.target_rank(degree);
   |             ^^^^^^^^^^^^^^^^^ help: if this is intentional, prefix it with an underscore: `_intermediate_rank`

warning: `differential_squared_zero` (lib) generated 2 warnings (run `cargo fix --lib -p differential_squared_zero` to apply 2 suggestions)
   Compiling homology_computation v0.1.0 (C:\Users\jessi\Desktop\sovereign-engine-v2\crates\C048)
   Compiling recursion_runtime_binding v0.1.0 (C:\Users\jessi\Desktop\sovereign-engine-v2\crates\C085)
   Compiling recursion_lemmas_library v0.1.0 (C:\Users\jessi\Desktop\sovereign-engine-v2\crates\C075)
   Compiling certificate_generation v0.1.0 (C:\Users\jessi\Desktop\sovereign-engine-v2\crates\C087)
   Compiling runtime_invariant_checking v0.1.0 (C:\Users\jessi\Desktop\sovereign-engine-v2\crates\C089)
warning: unused import: `chain_complex_shape::ChainComplexShape`
  --> crates\C045\src\lib.rs:11:5
   |
11 | use chain_complex_shape::ChainComplexShape;
   |     ^^^^^^^^^^^^^^^^^^^^^^^^^^^^^^^^^^^^^^
   |
   = note: `#[warn(unused_imports)]` (part of `#[warn(unused)]`) on by default

error[E0424]: expected value, found module `self`
   --> crates\C048\src\lib.rs:191:27
    |
176 |     pub fn compute_at_degree(
    |            ----------------- this function doesn't have a `self` parameter
...
191 |         let kernel_rank = self.estimate_kernel_rank(diff, degree);
    |                           ^^^^ `self` value is a keyword only available in methods with a `self` parameter
    |
help: add a `self` receiver parameter to make the associated `fn` a method
    |
177 |         &self, diff: &DifferentialOperator,
    |         ++++++

warning: unused import: `chain_complex_shape::ChainComplexShape`
 --> crates\C048\src\lib.rs:8:5
  |
8 | use chain_complex_shape::ChainComplexShape;
  |     ^^^^^^^^^^^^^^^^^^^^^^^^^^^^^^^^^^^^^^
  |
  = note: `#[warn(unused_imports)]` (part of `#[warn(unused)]`) on by default

   Compiling rollback_mechanism v0.1.0 (C:\Users\jessi\Desktop\sovereign-engine-v2\crates\C088)
   Compiling trace_recording_runtime v0.1.0 (C:\Users\jessi\Desktop\sovereign-engine-v2\crates\C086)
warning: variable does not need to be mutable
   --> crates\C048\src\lib.rs:211:13
    |
211 |         let mut mat = matrix.clone();
    |             ----^^^
    |             |
    |             help: remove this `mut`
    |
    = note: `#[warn(unused_mut)]` (part of `#[warn(unused)]`) on by default

For more information about this error, try `rustc --explain E0424`.
warning: `homology_computation` (lib) generated 2 warnings
error: could not compile `homology_computation` (lib) due to 1 previous error; 2 warnings emitted
warning: build failed, waiting for other jobs to finish...
error[E0507]: cannot move out of a shared reference
   --> crates\C045\src\lib.rs:124:48
    |
124 |             for (target_gen, &matrix_entry) in self.matrix.iter().enumerate() {
    |                               ------------     ^^^^^^^^^^^^^^^^^^^^^^^^^^^^^^
    |                               |
    |                               data moved here because `matrix_entry` has type `Vec<i64>`, which does not implement the `Copy` trait
    |
help: consider removing the borrow
    |
124 -             for (target_gen, &matrix_entry) in self.matrix.iter().enumerate() {
124 +             for (target_gen, matrix_entry) in self.matrix.iter().enumerate() {
    |

For more information about this error, try `rustc --explain E0507`.
warning: `projective_module_definition` (lib) generated 1 warning
error: could not compile `projective_module_definition` (lib) due to 1 previous error; 1 warning emitted
